>> [시스템] 폴링 일시중지

>> ═══════════════════════════════════
>> 🚀 프로그램 실행을 시작합니다!
>> ═══════════════════════════════════

>> ▶ 실행: Main Program (type=-1)

>> ▶ 실행: Program Settings (type=999)

>> ▶ 실행: Variables (type=2)
>> 📋 Variables 노드 (스킵)

>> ▶ 실행: Home (type=100)
>>   → Home 이동

>> ▶ 실행: Loop (6반복) (type=20)
>> 🔄 Loop #1/6

>> ▶ 실행: Pick (type=201)
>>   [DEBUG] tool_id=1, has_raw_data=True
>>   [DEBUG] type=999 찾음, toolInfo 개수=3
>>   [DEBUG] 매칭된 tool: id=1, name=suck
>>   [DEBUG] 최종: hold=[{'value': 1, 'idx': 2}], release=[{'value': 0, 'idx': 2}]
>>   🫳 Pick(잡기) [1/6] L1 R1 C1
>>     1) 접근 위치(Z+0.100m)
>>     2) 타겟 위치로 하강
>>     3) Hold
>>     DO2=ON (Hold(잡기)) ✅
>>     4) 후퇴 위치(Z+0.100m)
>>   🫳 Pick(잡기) [2/6] L1 R1 C2
>>     1) 접근 위치(Z+0.100m)
>>     2) 타겟 위치로 하강
>>     3) Hold
>>     DO2=ON (Hold(잡기)) ✅
>>     4) 후퇴 위치(Z+0.100m)
>>   🫳 Pick(잡기) [3/6] L1 R1 C3
>>     1) 접근 위치(Z+0.100m)
>>     2) 타겟 위치로 하강
>>     3) Hold
>>     DO2=ON (Hold(잡기)) ✅
>>     4) 후퇴 위치(Z+0.100m)
>>   🫳 Pick(잡기) [4/6] L1 R2 C1
>>     1) 접근 위치(Z+0.100m)
>>     2) 타겟 위치로 하강
>>     3) Hold
>>     DO2=ON (Hold(잡기)) ✅
>>     4) 후퇴 위치(Z+0.100m)
>>   🫳 Pick(잡기) [5/6] L1 R2 C2
>>     1) 접근 위치(Z+0.100m)
>>     2) 타겟 위치로 하강
>>     3) Hold
>>     DO2=ON (Hold(잡기)) ✅
>>     4) 후퇴 위치(Z+0.100m)
>>   🫳 Pick(잡기) [6/6] L1 R2 C3
>>     1) 접근 위치(Z+0.100m)
>>     2) 타겟 위치로 하강
>>     3) Hold
>>     DO2=ON (Hold(잡기)) ✅
>>     4) 후퇴 위치(Z+0.100m)
>> [자동계산] 수평 기준 3D 다단 적재(P2, P3, P4) 생성 완료

>> ▶ 실행: Place (type=202)
>>   [DEBUG] tool_id=1, has_raw_data=True
>>   [DEBUG] type=999 찾음, toolInfo 개수=3
>>   [DEBUG] 매칭된 tool: id=1, name=suck
>>   [DEBUG] 최종: hold=[{'value': 1, 'idx': 2}], release=[{'value': 0, 'idx': 2}]
>>   📦 Place(놓기)
>>     target: z=0.1039
>>     1) 접근 위치(Z=0.2039, +0.100m 위)
>> ⏹ [정지] 프로그램 실행이 중단되었습니다.
>> [시스템] 폴링 일시중지

>> ═══════════════════════════════════
>> 🚀 프로그램 실행을 시작합니다!
>> ═══════════════════════════════════

>> ▶ 실행: Main Program (type=-1)

>> ▶ 실행: Program Settings (type=999)

>> ▶ 실행: Variables (type=2)
>> 📋 Variables 노드 (스킵)

>> ▶ 실행: Home (type=100)
>>   → Home 이동
>>     2) 타겟 위치로 하강(Z=0.1039)

>> ▶ 실행: Loop (6반복) (type=20)
>> 🔄 Loop #1/6

>> ▶ 실행: Pick (type=201)
>>   [DEBUG] tool_id=1, has_raw_data=True
>>   [DEBUG] type=999 찾음, toolInfo 개수=3
>>   [DEBUG] 매칭된 tool: id=1, name=suck
>>   [DEBUG] 최종: hold=[{'value': 1, 'idx': 2}], release=[{'value': 0, 'idx': 2}]
>>   🫳 Pick(잡기) [1/6] L1 R1 C1
>>     1) 접근 위치(Z+0.100m)
>>     3) Release(놓기)
>>     DO2=OFF (Release(놓기)) ✅
>>     4) 후퇴 위치(Z=0.2039, +0.100m 위)
Header check fail (cmdId): Request 11, Response 9999
ErrorCode 14: Robot is moving
>> 🔄 Loop #2/6
>> [자동계산] 수평 기준 3D 다단 적재(P2, P3, P4) 생성 완료
>>     2) 타겟 위치로 하강

>> ▶ 실행: Pick (type=201)
>>   [DEBUG] tool_id=1, has_raw_data=True
>>   [DEBUG] type=999 찾음, toolInfo 개수=3
>>   [DEBUG] 매칭된 tool: id=1, name=suck
>>   [DEBUG] 최종: hold=[{'value': 1, 'idx': 2}], release=[{'value': 0, 'idx': 2}]
>>   🫳 Pick(잡기) [1/6] L1 R1 C1
>>     1) 접근 위치(Z+0.100m)
Header check fail (cmdId): Request 11, Response 9999
ErrorCode 14: Robot is moving
>>     2) 타겟 위치로 하강
>>     3) Hold
>>     3) Hold
>>     DO2=ON (Hold(잡기)) ✅
>>     DO2=ON (Hold(잡기)) ✅
>>     4) 후퇴 위치(Z+0.100m)
>>     4) 후퇴 위치(Z+0.100m)
Header check fail (cmdId): Request 11, Response 9999
ErrorCode 14: Robot is moving
>>   🫳 Pick(잡기) [2/6] L1 R1 C2
>>     1) 접근 위치(Z+0.100m)
>>   🫳 Pick(잡기) [2/6] L1 R1 C2
>>     1) 접근 위치(Z+0.100m)
>>     2) 타겟 위치로 하강
>>     2) 타겟 위치로 하강
Header check fail (cmdId): Request 11, Response 9999
ErrorCode 14: Robot is moving
>>     3) Hold
>>     3) Hold
>>     DO2=ON (Hold(잡기)) ✅
>>     DO2=ON (Hold(잡기)) ✅
>>     4) 후퇴 위치(Z+0.100m)
>>     4) 후퇴 위치(Z+0.100m)
Header check fail (cmdId): Request 11, Response 9999
ErrorCode 14: Robot is moving
>>   🫳 Pick(잡기) [3/6] L1 R1 C3
>>     1) 접근 위치(Z+0.100m)
>>   🫳 Pick(잡기) [3/6] L1 R1 C3
>>     1) 접근 위치(Z+0.100m)
>>     2) 타겟 위치로 하강
>>     2) 타겟 위치로 하강
>>     3) Hold
>>     DO2=ON (Hold(잡기)) ✅
>>     3) Hold
>>     4) 후퇴 위치(Z+0.100m)
>>     DO2=ON (Hold(잡기)) ✅
>>     4) 후퇴 위치(Z+0.100m)
Header check fail (cmdId): Request 11, Response 9999
ErrorCode 14: Robot is moving
>>   🫳 Pick(잡기) [4/6] L1 R2 C1
>>     1) 접근 위치(Z+0.100m)
>>   🫳 Pick(잡기) [4/6] L1 R2 C1
>>     1) 접근 위치(Z+0.100m)
>>     2) 타겟 위치로 하강
Header check fail (cmdId): Request 11, Response 9999
ErrorCode 14: Robot is moving
>>     2) 타겟 위치로 하강
>>     3) Hold
>>     DO2=ON (Hold(잡기)) ✅
>>     3) Hold
>>     DO2=ON (Hold(잡기)) ✅
>>     4) 후퇴 위치(Z+0.100m)
>> ⏹ [정지] 프로그램 실행이 중단되었습니다.
>>     4) 후퇴 위치(Z+0.100m)
Header check fail (cmdId): Request 11, Response 9999
ErrorCode 14: Robot is moving
>> ⏹ [정지] 프로그램 실행이 중단되었습니다.
>> [이동] Home 위치로 이동합니다: [0, 0, -90, 0, -90, 0]
>> [EndTool DI 에러] 'IndyDCPClient' object has no attribute 'get_endtool_di'
>> [EndTool DI 에러] 'IndyDCPClient' object has no attribute 'get_endtool_di'
>> [I/O] DO2 = OFF
>> ⏹ 사용자에 의해 프로그램이 중단되었습니다.
>> [시스템] 폴링 재개
>> [로그] 실행 로그 저장됨: /Users/leejaeheung/Documents/Busan_Project/Indy7_HMI_Clean/presentation/ui/robot_hmi/../../../logs/exec_20260513_171912.log
>> ⏹ 사용자에 의해 프로그램이 중단되었습니다.
>> [시스템] 폴링 재개